[2021-03-13T00:20:48.152] [INFO] CI - Received a Push from crawler-data(shiehnpin/crawler-data) - commit log: [IGNORE] auto commit
[2021-03-13T00:20:48.155] [INFO] CI - ignore
[2021-03-13T00:45:40.685] [INFO] CI - Received a Push from crawler-data(shiehnpin/crawler-data) - commit log: [IGNORE] auto commit
[2021-03-13T00:45:40.690] [INFO] CI - ignore
[2021-03-13T01:15:40.266] [INFO] CI - Received a Push from crawler-data(shiehnpin/crawler-data) - commit log: [IGNORE] auto commit
[2021-03-13T01:15:40.268] [INFO] CI - ignore
[2021-03-13T01:45:55.201] [INFO] CI - Received a Push from crawler-data(shiehnpin/crawler-data) - commit log: [IGNORE] auto commit
[2021-03-13T01:45:55.204] [INFO] CI - ignore
[2021-03-13T02:51:37.688] [INFO] CI - Received a Push from crawler-data(shiehnpin/crawler-data) - commit log: [IGNORE] auto commit
[2021-03-13T02:51:37.690] [INFO] CI - ignore
[2021-03-13T03:15:46.900] [INFO] CI - Received a Push from crawler-data(shiehnpin/crawler-data) - commit log: [IGNORE] auto commit
[2021-03-13T03:15:46.901] [INFO] CI - ignore
[2021-03-13T03:46:42.088] [INFO] CI - Received a Push from crawler-data(shiehnpin/crawler-data) - commit log: [IGNORE] auto commit
[2021-03-13T03:46:42.089] [INFO] CI - ignore
[2021-03-13T04:23:52.845] [INFO] CI - Received a Push from crawler-data(shiehnpin/crawler-data) - commit log: [IGNORE] auto commit
[2021-03-13T04:23:52.847] [INFO] CI - ignore
[2021-03-13T04:49:41.488] [INFO] CI - Received a Push from crawler-data(shiehnpin/crawler-data) - commit log: [IGNORE] auto commit
[2021-03-13T04:49:41.490] [INFO] CI - ignore
[2021-03-13T05:17:14.757] [INFO] CI - Received a Push from crawler-data(shiehnpin/crawler-data) - commit log: [IGNORE] auto commit
[2021-03-13T05:17:14.759] [INFO] CI - ignore
[2021-03-13T05:47:16.994] [INFO] CI - Received a Push from crawler-data(shiehnpin/crawler-data) - commit log: [IGNORE] auto commit
[2021-03-13T05:47:17.003] [INFO] CI - ignore
[2021-03-13T06:16:23.148] [INFO] CI - Received a Push from crawler-data(shiehnpin/crawler-data) - commit log: [IGNORE] auto commit
[2021-03-13T06:16:23.150] [INFO] CI - ignore
[2021-03-13T06:46:48.451] [INFO] CI - Received a Push from crawler-data(shiehnpin/crawler-data) - commit log: [IGNORE] auto commit
[2021-03-13T06:46:48.455] [INFO] CI - ignore
[2021-03-13T07:16:31.828] [INFO] CI - Received a Push from crawler-data(shiehnpin/crawler-data) - commit log: [IGNORE] auto commit
[2021-03-13T07:16:31.829] [INFO] CI - ignore
[2021-03-13T07:46:19.719] [INFO] CI - Received a Push from crawler-data(shiehnpin/crawler-data) - commit log: [IGNORE] auto commit
[2021-03-13T07:46:19.721] [INFO] CI - ignore
[2021-03-13T08:16:41.036] [INFO] CI - Received a Push from crawler-data(shiehnpin/crawler-data) - commit log: [IGNORE] auto commit
[2021-03-13T08:16:41.039] [INFO] CI - ignore
[2021-03-13T08:47:29.221] [INFO] CI - Received a Push from crawler-data(shiehnpin/crawler-data) - commit log: [IGNORE] auto commit
[2021-03-13T08:47:29.223] [INFO] CI - ignore
[2021-03-13T09:17:24.213] [INFO] CI - Received a Push from crawler-data(shiehnpin/crawler-data) - commit log: [IGNORE] auto commit
[2021-03-13T09:17:24.214] [INFO] CI - ignore
[2021-03-13T09:47:43.450] [INFO] CI - Received a Push from crawler-data(shiehnpin/crawler-data) - commit log: [IGNORE] auto commit
[2021-03-13T09:47:43.451] [INFO] CI - ignore
[2021-03-13T10:16:19.187] [INFO] CI - Received a Push from crawler-data(shiehnpin/crawler-data) - commit log: [IGNORE] auto commit
[2021-03-13T10:16:19.188] [INFO] CI - ignore
[2021-03-13T10:46:41.821] [INFO] CI - Received a Push from crawler-data(shiehnpin/crawler-data) - commit log: [IGNORE] auto commit
[2021-03-13T10:46:41.823] [INFO] CI - ignore
[2021-03-13T11:16:22.913] [INFO] CI - Received a Push from crawler-data(shiehnpin/crawler-data) - commit log: [IGNORE] auto commit
[2021-03-13T11:16:22.914] [INFO] CI - ignore
[2021-03-13T11:46:10.386] [INFO] CI - Received a Push from crawler-data(shiehnpin/crawler-data) - commit log: [IGNORE] auto commit
[2021-03-13T11:46:10.388] [INFO] CI - ignore
[2021-03-13T12:16:30.206] [INFO] CI - Received a Push from crawler-data(shiehnpin/crawler-data) - commit log: [IGNORE] auto commit
[2021-03-13T12:16:30.207] [INFO] CI - ignore
[2021-03-13T12:46:21.073] [INFO] CI - Received a Push from crawler-data(shiehnpin/crawler-data) - commit log: [IGNORE] auto commit
[2021-03-13T12:46:21.078] [INFO] CI - ignore
[2021-03-13T13:22:39.537] [INFO] CI - Received a Push from crawler-data(shiehnpin/crawler-data) - commit log: [IGNORE] auto commit
[2021-03-13T13:22:39.539] [INFO] CI - ignore
[2021-03-13T13:48:09.225] [INFO] CI - Received a Push from crawler-data(shiehnpin/crawler-data) - commit log: [IGNORE] auto commit
[2021-03-13T13:48:09.227] [INFO] CI - ignore
[2021-03-13T14:16:28.587] [INFO] CI - Received a Push from crawler-data(shiehnpin/crawler-data) - commit log: [IGNORE] auto commit
[2021-03-13T14:16:28.588] [INFO] CI - ignore
[2021-03-13T14:47:44.978] [INFO] CI - Received a Push from crawler-data(shiehnpin/crawler-data) - commit log: [IGNORE] auto commit
[2021-03-13T14:47:44.984] [INFO] CI - ignore
[2021-03-13T15:16:55.279] [INFO] CI - Received a Push from crawler-data(shiehnpin/crawler-data) - commit log: [IGNORE] auto commit
[2021-03-13T15:16:55.281] [INFO] CI - ignore
